<?xml version="1.0"?>
<link_info>
   <banner>TI ARM Linker PC v5.1.6</banner>
   <copyright>Copyright (c) 1996-2014 Texas Instruments Incorporated</copyright>
   <link_time>0x553ab547</link_time>
   <link_errors>0x0</link_errors>
   <output_file>Blinky.out</output_file>
   <entry_point>
      <name>_c_int00</name>
      <address>0x9e08</address>
   </entry_point>
   <input_file_list>
      <input_file id="fl-2">
         <path>.\source\</path>
         <kind>object</kind>
         <file>dabort.obj</file>
         <name>dabort.obj</name>
      </input_file>
      <input_file id="fl-3">
         <path>.\source\</path>
         <kind>object</kind>
         <file>esm.obj</file>
         <name>esm.obj</name>
      </input_file>
      <input_file id="fl-4">
         <path>.\source\</path>
         <kind>object</kind>
         <file>gio.obj</file>
         <name>gio.obj</name>
      </input_file>
      <input_file id="fl-5">
         <path>.\source\</path>
         <kind>object</kind>
         <file>notification.obj</file>
         <name>notification.obj</name>
      </input_file>
      <input_file id="fl-6">
         <path>.\source\</path>
         <kind>object</kind>
         <file>pinmux.obj</file>
         <name>pinmux.obj</name>
      </input_file>
      <input_file id="fl-7">
         <path>.\source\</path>
         <kind>object</kind>
         <file>rti.obj</file>
         <name>rti.obj</name>
      </input_file>
      <input_file id="fl-8">
         <path>.\source\</path>
         <kind>object</kind>
         <file>sys_core.obj</file>
         <name>sys_core.obj</name>
      </input_file>
      <input_file id="fl-9">
         <path>.\source\</path>
         <kind>object</kind>
         <file>sys_intvecs.obj</file>
         <name>sys_intvecs.obj</name>
      </input_file>
      <input_file id="fl-a">
         <path>.\source\</path>
         <kind>object</kind>
         <file>sys_main.obj</file>
         <name>sys_main.obj</name>
      </input_file>
      <input_file id="fl-b">
         <path>.\source\</path>
         <kind>object</kind>
         <file>sys_mpu.obj</file>
         <name>sys_mpu.obj</name>
      </input_file>
      <input_file id="fl-c">
         <path>.\source\</path>
         <kind>object</kind>
         <file>sys_pcr.obj</file>
         <name>sys_pcr.obj</name>
      </input_file>
      <input_file id="fl-d">
         <path>.\source\</path>
         <kind>object</kind>
         <file>sys_phantom.obj</file>
         <name>sys_phantom.obj</name>
      </input_file>
      <input_file id="fl-e">
         <path>.\source\</path>
         <kind>object</kind>
         <file>sys_pmu.obj</file>
         <name>sys_pmu.obj</name>
      </input_file>
      <input_file id="fl-f">
         <path>.\source\</path>
         <kind>object</kind>
         <file>sys_selftest.obj</file>
         <name>sys_selftest.obj</name>
      </input_file>
      <input_file id="fl-10">
         <path>.\source\</path>
         <kind>object</kind>
         <file>sys_startup.obj</file>
         <name>sys_startup.obj</name>
      </input_file>
      <input_file id="fl-11">
         <path>.\source\</path>
         <kind>object</kind>
         <file>sys_vim.obj</file>
         <name>sys_vim.obj</name>
      </input_file>
      <input_file id="fl-12">
         <path>.\source\</path>
         <kind>object</kind>
         <file>system.obj</file>
         <name>system.obj</name>
      </input_file>
      <input_file id="fl-13f">
         <path>c:\ti\ccsv6\tools\compiler\arm_5.1.6\lib\</path>
         <kind>archive</kind>
         <file>rtsv7R4_A_le_eabi.lib</file>
         <name>auto_init.obj</name>
      </input_file>
      <input_file id="fl-140">
         <path>c:\ti\ccsv6\tools\compiler\arm_5.1.6\lib\</path>
         <kind>archive</kind>
         <file>rtsv7R4_A_le_eabi.lib</file>
         <name>copy_decompress_none.obj</name>
      </input_file>
      <input_file id="fl-141">
         <path>c:\ti\ccsv6\tools\compiler\arm_5.1.6\lib\</path>
         <kind>archive</kind>
         <file>rtsv7R4_A_le_eabi.lib</file>
         <name>copy_decompress_rle.obj</name>
      </input_file>
      <input_file id="fl-142">
         <path>c:\ti\ccsv6\tools\compiler\arm_5.1.6\lib\</path>
         <kind>archive</kind>
         <file>rtsv7R4_A_le_eabi.lib</file>
         <name>copy_zero_init.obj</name>
      </input_file>
      <input_file id="fl-143">
         <path>c:\ti\ccsv6\tools\compiler\arm_5.1.6\lib\</path>
         <kind>archive</kind>
         <file>rtsv7R4_A_le_eabi.lib</file>
         <name>cpy_tbl.obj</name>
      </input_file>
      <input_file id="fl-144">
         <path>c:\ti\ccsv6\tools\compiler\arm_5.1.6\lib\</path>
         <kind>archive</kind>
         <file>rtsv7R4_A_le_eabi.lib</file>
         <name>defs.obj</name>
      </input_file>
      <input_file id="fl-145">
         <path>c:\ti\ccsv6\tools\compiler\arm_5.1.6\lib\</path>
         <kind>archive</kind>
         <file>rtsv7R4_A_le_eabi.lib</file>
         <name>exit.obj</name>
      </input_file>
      <input_file id="fl-146">
         <path>c:\ti\ccsv6\tools\compiler\arm_5.1.6\lib\</path>
         <kind>archive</kind>
         <file>rtsv7R4_A_le_eabi.lib</file>
         <name>fclose.obj</name>
      </input_file>
      <input_file id="fl-147">
         <path>c:\ti\ccsv6\tools\compiler\arm_5.1.6\lib\</path>
         <kind>archive</kind>
         <file>rtsv7R4_A_le_eabi.lib</file>
         <name>fflush.obj</name>
      </input_file>
      <input_file id="fl-148">
         <path>c:\ti\ccsv6\tools\compiler\arm_5.1.6\lib\</path>
         <kind>archive</kind>
         <file>rtsv7R4_A_le_eabi.lib</file>
         <name>fopen.obj</name>
      </input_file>
      <input_file id="fl-149">
         <path>c:\ti\ccsv6\tools\compiler\arm_5.1.6\lib\</path>
         <kind>archive</kind>
         <file>rtsv7R4_A_le_eabi.lib</file>
         <name>fscanf.obj</name>
      </input_file>
      <input_file id="fl-14a">
         <path>c:\ti\ccsv6\tools\compiler\arm_5.1.6\lib\</path>
         <kind>archive</kind>
         <file>rtsv7R4_A_le_eabi.lib</file>
         <name>lowlev.obj</name>
      </input_file>
      <input_file id="fl-14b">
         <path>c:\ti\ccsv6\tools\compiler\arm_5.1.6\lib\</path>
         <kind>archive</kind>
         <file>rtsv7R4_A_le_eabi.lib</file>
         <name>memcpy32.obj</name>
      </input_file>
      <input_file id="fl-14c">
         <path>c:\ti\ccsv6\tools\compiler\arm_5.1.6\lib\</path>
         <kind>archive</kind>
         <file>rtsv7R4_A_le_eabi.lib</file>
         <name>memory.obj</name>
      </input_file>
      <input_file id="fl-14d">
         <path>c:\ti\ccsv6\tools\compiler\arm_5.1.6\lib\</path>
         <kind>archive</kind>
         <file>rtsv7R4_A_le_eabi.lib</file>
         <name>memset32.obj</name>
      </input_file>
      <input_file id="fl-14e">
         <path>c:\ti\ccsv6\tools\compiler\arm_5.1.6\lib\</path>
         <kind>archive</kind>
         <file>rtsv7R4_A_le_eabi.lib</file>
         <name>printf.obj</name>
      </input_file>
      <input_file id="fl-14f">
         <path>c:\ti\ccsv6\tools\compiler\arm_5.1.6\lib\</path>
         <kind>archive</kind>
         <file>rtsv7R4_A_le_eabi.lib</file>
         <name>remove.obj</name>
      </input_file>
      <input_file id="fl-150">
         <path>c:\ti\ccsv6\tools\compiler\arm_5.1.6\lib\</path>
         <kind>archive</kind>
         <file>rtsv7R4_A_le_eabi.lib</file>
         <name>strchr.obj</name>
      </input_file>
      <input_file id="fl-151">
         <path>c:\ti\ccsv6\tools\compiler\arm_5.1.6\lib\</path>
         <kind>archive</kind>
         <file>rtsv7R4_A_le_eabi.lib</file>
         <name>strcmp.obj</name>
      </input_file>
      <input_file id="fl-152">
         <path>c:\ti\ccsv6\tools\compiler\arm_5.1.6\lib\</path>
         <kind>archive</kind>
         <file>rtsv7R4_A_le_eabi.lib</file>
         <name>strncpy.obj</name>
      </input_file>
      <input_file id="fl-153">
         <path>c:\ti\ccsv6\tools\compiler\arm_5.1.6\lib\</path>
         <kind>archive</kind>
         <file>rtsv7R4_A_le_eabi.lib</file>
         <name>trgdrv.obj</name>
      </input_file>
      <input_file id="fl-154">
         <path>c:\ti\ccsv6\tools\compiler\arm_5.1.6\lib\</path>
         <kind>archive</kind>
         <file>rtsv7R4_A_le_eabi.lib</file>
         <name>trgmsg.obj</name>
      </input_file>
      <input_file id="fl-155">
         <path>c:\ti\ccsv6\tools\compiler\arm_5.1.6\lib\</path>
         <kind>archive</kind>
         <file>rtsv7R4_A_le_eabi.lib</file>
         <name>ungetc.obj</name>
      </input_file>
      <input_file id="fl-156">
         <path>c:\ti\ccsv6\tools\compiler\arm_5.1.6\lib\</path>
         <kind>archive</kind>
         <file>rtsv7R4_A_le_eabi.lib</file>
         <name>_lock.obj</name>
      </input_file>
      <input_file id="fl-157">
         <path>c:\ti\ccsv6\tools\compiler\arm_5.1.6\lib\</path>
         <kind>archive</kind>
         <file>rtsv7R4_A_le_eabi.lib</file>
         <name>_printfi.obj</name>
      </input_file>
      <input_file id="fl-158">
         <path>c:\ti\ccsv6\tools\compiler\arm_5.1.6\lib\</path>
         <kind>archive</kind>
         <file>rtsv7R4_A_le_eabi.lib</file>
         <name>_scanfi.obj</name>
      </input_file>
      <input_file id="fl-159">
         <path>c:\ti\ccsv6\tools\compiler\arm_5.1.6\lib\</path>
         <kind>archive</kind>
         <file>rtsv7R4_A_le_eabi.lib</file>
         <name>atoi.obj</name>
      </input_file>
      <input_file id="fl-15a">
         <path>c:\ti\ccsv6\tools\compiler\arm_5.1.6\lib\</path>
         <kind>archive</kind>
         <file>rtsv7R4_A_le_eabi.lib</file>
         <name>ctype.obj</name>
      </input_file>
      <input_file id="fl-15b">
         <path>c:\ti\ccsv6\tools\compiler\arm_5.1.6\lib\</path>
         <kind>archive</kind>
         <file>rtsv7R4_A_le_eabi.lib</file>
         <name>fd_add32.obj</name>
      </input_file>
      <input_file id="fl-15c">
         <path>c:\ti\ccsv6\tools\compiler\arm_5.1.6\lib\</path>
         <kind>archive</kind>
         <file>rtsv7R4_A_le_eabi.lib</file>
         <name>fd_cmp32.obj</name>
      </input_file>
      <input_file id="fl-15d">
         <path>c:\ti\ccsv6\tools\compiler\arm_5.1.6\lib\</path>
         <kind>archive</kind>
         <file>rtsv7R4_A_le_eabi.lib</file>
         <name>fd_div32.obj</name>
      </input_file>
      <input_file id="fl-15e">
         <path>c:\ti\ccsv6\tools\compiler\arm_5.1.6\lib\</path>
         <kind>archive</kind>
         <file>rtsv7R4_A_le_eabi.lib</file>
         <name>fd_mul32.obj</name>
      </input_file>
      <input_file id="fl-15f">
         <path>c:\ti\ccsv6\tools\compiler\arm_5.1.6\lib\</path>
         <kind>archive</kind>
         <file>rtsv7R4_A_le_eabi.lib</file>
         <name>fd_toi32.obj</name>
      </input_file>
      <input_file id="fl-160">
         <path>c:\ti\ccsv6\tools\compiler\arm_5.1.6\lib\</path>
         <kind>archive</kind>
         <file>rtsv7R4_A_le_eabi.lib</file>
         <name>fd_tos32.obj</name>
      </input_file>
      <input_file id="fl-161">
         <path>c:\ti\ccsv6\tools\compiler\arm_5.1.6\lib\</path>
         <kind>archive</kind>
         <file>rtsv7R4_A_le_eabi.lib</file>
         <name>fgetc.obj</name>
      </input_file>
      <input_file id="fl-162">
         <path>c:\ti\ccsv6\tools\compiler\arm_5.1.6\lib\</path>
         <kind>archive</kind>
         <file>rtsv7R4_A_le_eabi.lib</file>
         <name>fputc.obj</name>
      </input_file>
      <input_file id="fl-163">
         <path>c:\ti\ccsv6\tools\compiler\arm_5.1.6\lib\</path>
         <kind>archive</kind>
         <file>rtsv7R4_A_le_eabi.lib</file>
         <name>fputs.obj</name>
      </input_file>
      <input_file id="fl-164">
         <path>c:\ti\ccsv6\tools\compiler\arm_5.1.6\lib\</path>
         <kind>archive</kind>
         <file>rtsv7R4_A_le_eabi.lib</file>
         <name>i_tofd32.obj</name>
      </input_file>
      <input_file id="fl-165">
         <path>c:\ti\ccsv6\tools\compiler\arm_5.1.6\lib\</path>
         <kind>archive</kind>
         <file>rtsv7R4_A_le_eabi.lib</file>
         <name>ltoa.obj</name>
      </input_file>
      <input_file id="fl-166">
         <path>c:\ti\ccsv6\tools\compiler\arm_5.1.6\lib\</path>
         <kind>archive</kind>
         <file>rtsv7R4_A_le_eabi.lib</file>
         <name>memccpy.obj</name>
      </input_file>
      <input_file id="fl-167">
         <path>c:\ti\ccsv6\tools\compiler\arm_5.1.6\lib\</path>
         <kind>archive</kind>
         <file>rtsv7R4_A_le_eabi.lib</file>
         <name>memchr.obj</name>
      </input_file>
      <input_file id="fl-168">
         <path>c:\ti\ccsv6\tools\compiler\arm_5.1.6\lib\</path>
         <kind>archive</kind>
         <file>rtsv7R4_A_le_eabi.lib</file>
         <name>setvbuf.obj</name>
      </input_file>
      <input_file id="fl-169">
         <path>c:\ti\ccsv6\tools\compiler\arm_5.1.6\lib\</path>
         <kind>archive</kind>
         <file>rtsv7R4_A_le_eabi.lib</file>
         <name>strcpy.obj</name>
      </input_file>
      <input_file id="fl-16a">
         <path>c:\ti\ccsv6\tools\compiler\arm_5.1.6\lib\</path>
         <kind>archive</kind>
         <file>rtsv7R4_A_le_eabi.lib</file>
         <name>strlen.obj</name>
      </input_file>
      <input_file id="fl-16b">
         <path>c:\ti\ccsv6\tools\compiler\arm_5.1.6\lib\</path>
         <kind>archive</kind>
         <file>rtsv7R4_A_le_eabi.lib</file>
         <name>strrchr.obj</name>
      </input_file>
      <input_file id="fl-16c">
         <path>c:\ti\ccsv6\tools\compiler\arm_5.1.6\lib\</path>
         <kind>archive</kind>
         <file>rtsv7R4_A_le_eabi.lib</file>
         <name>strtod.obj</name>
      </input_file>
      <input_file id="fl-16d">
         <path>c:\ti\ccsv6\tools\compiler\arm_5.1.6\lib\</path>
         <kind>archive</kind>
         <file>rtsv7R4_A_le_eabi.lib</file>
         <name>strtol.obj</name>
      </input_file>
      <input_file id="fl-16e">
         <path>c:\ti\ccsv6\tools\compiler\arm_5.1.6\lib\</path>
         <kind>archive</kind>
         <file>rtsv7R4_A_le_eabi.lib</file>
         <name>strtold.obj</name>
      </input_file>
      <input_file id="fl-16f">
         <path>c:\ti\ccsv6\tools\compiler\arm_5.1.6\lib\</path>
         <kind>archive</kind>
         <file>rtsv7R4_A_le_eabi.lib</file>
         <name>strtoll.obj</name>
      </input_file>
      <input_file id="fl-170">
         <path>c:\ti\ccsv6\tools\compiler\arm_5.1.6\lib\</path>
         <kind>archive</kind>
         <file>rtsv7R4_A_le_eabi.lib</file>
         <name>strtoul.obj</name>
      </input_file>
      <input_file id="fl-171">
         <path>c:\ti\ccsv6\tools\compiler\arm_5.1.6\lib\</path>
         <kind>archive</kind>
         <file>rtsv7R4_A_le_eabi.lib</file>
         <name>strtoull.obj</name>
      </input_file>
      <input_file id="fl-172">
         <path>c:\ti\ccsv6\tools\compiler\arm_5.1.6\lib\</path>
         <kind>archive</kind>
         <file>rtsv7R4_A_le_eabi.lib</file>
         <name>u_div32.obj</name>
      </input_file>
      <input_file id="fl-173">
         <path>c:\ti\ccsv6\tools\compiler\arm_5.1.6\lib\</path>
         <kind>archive</kind>
         <file>rtsv7R4_A_le_eabi.lib</file>
         <name>ull_div32.obj</name>
      </input_file>
      <input_file id="fl-174">
         <path>c:\ti\ccsv6\tools\compiler\arm_5.1.6\lib\</path>
         <kind>archive</kind>
         <file>rtsv7R4_A_le_eabi.lib</file>
         <name>xdclass.obj</name>
      </input_file>
      <input_file id="fl-175">
         <path>c:\ti\ccsv6\tools\compiler\arm_5.1.6\lib\</path>
         <kind>archive</kind>
         <file>rtsv7R4_A_le_eabi.lib</file>
         <name>xdtest.obj</name>
      </input_file>
      <input_file id="fl-176">
         <path>c:\ti\ccsv6\tools\compiler\arm_5.1.6\lib\</path>
         <kind>archive</kind>
         <file>rtsv7R4_A_le_eabi.lib</file>
         <name>_bufread.obj</name>
      </input_file>
      <input_file id="fl-177">
         <path>c:\ti\ccsv6\tools\compiler\arm_5.1.6\lib\</path>
         <kind>archive</kind>
         <file>rtsv7R4_A_le_eabi.lib</file>
         <name>_io_perm.obj</name>
      </input_file>
      <input_file id="fl-178">
         <path>c:\ti\ccsv6\tools\compiler\arm_5.1.6\lib\</path>
         <kind>archive</kind>
         <file>rtsv7R4_A_le_eabi.lib</file>
         <name>errno.obj</name>
      </input_file>
      <input_file id="fl-179">
         <path>c:\ti\ccsv6\tools\compiler\arm_5.1.6\lib\</path>
         <kind>archive</kind>
         <file>rtsv7R4_A_le_eabi.lib</file>
         <name>fseek.obj</name>
      </input_file>
      <input_file id="fl-17a">
         <path>c:\ti\ccsv6\tools\compiler\arm_5.1.6\lib\</path>
         <kind>archive</kind>
         <file>rtsv7R4_A_le_eabi.lib</file>
         <name>i_div32.obj</name>
      </input_file>
   </input_file_list>
   <object_component_list>
      <object_component id="oc-38">
         <name>.intvecs</name>
         <load_address>0x0</load_address>
         <run_address>0x0</run_address>
         <size>0x20</size>
         <input_file_ref idref="fl-9"/>
      </object_component>
      <object_component id="oc-5d">
         <name>.text</name>
         <load_address>0x20</load_address>
         <run_address>0x20</run_address>
         <size>0x24ec</size>
         <input_file_ref idref="fl-f"/>
      </object_component>
      <object_component id="oc-1e7">
         <name>.text</name>
         <load_address>0x250c</load_address>
         <run_address>0x250c</run_address>
         <size>0x1714</size>
         <input_file_ref idref="fl-157"/>
      </object_component>
      <object_component id="oc-202">
         <name>.text</name>
         <load_address>0x3c20</load_address>
         <run_address>0x3c20</run_address>
         <size>0xf38</size>
         <input_file_ref idref="fl-158"/>
      </object_component>
      <object_component id="oc-57">
         <name>.text</name>
         <load_address>0x4b58</load_address>
         <run_address>0x4b58</run_address>
         <size>0xa64</size>
         <input_file_ref idref="fl-12"/>
      </object_component>
      <object_component id="oc-47">
         <name>.text</name>
         <load_address>0x55bc</load_address>
         <run_address>0x55bc</run_address>
         <size>0x894</size>
         <input_file_ref idref="fl-11"/>
      </object_component>
      <object_component id="oc-63">
         <name>.text</name>
         <load_address>0x5e50</load_address>
         <run_address>0x5e50</run_address>
         <size>0x634</size>
         <input_file_ref idref="fl-3"/>
      </object_component>
      <object_component id="oc-ff">
         <name>.text</name>
         <load_address>0x6484</load_address>
         <run_address>0x6484</run_address>
         <size>0x634</size>
         <input_file_ref idref="fl-7"/>
      </object_component>
      <object_component id="oc-20d">
         <name>.text</name>
         <load_address>0x6ab8</load_address>
         <run_address>0x6ab8</run_address>
         <size>0x620</size>
         <input_file_ref idref="fl-14c"/>
      </object_component>
      <object_component id="oc-1ca">
         <name>.text</name>
         <load_address>0x70d8</load_address>
         <run_address>0x70d8</run_address>
         <size>0x548</size>
         <input_file_ref idref="fl-14a"/>
      </object_component>
      <object_component id="oc-35d">
         <name>.text</name>
         <load_address>0x7620</load_address>
         <run_address>0x7620</run_address>
         <size>0x4cc</size>
         <input_file_ref idref="fl-153"/>
      </object_component>
      <object_component id="oc-6e">
         <name>.text</name>
         <load_address>0x7aec</load_address>
         <run_address>0x7aec</run_address>
         <size>0x3b4</size>
         <input_file_ref idref="fl-a"/>
      </object_component>
      <object_component id="oc-105">
         <name>.text</name>
         <load_address>0x7ea0</load_address>
         <run_address>0x7ea0</run_address>
         <size>0x36c</size>
         <input_file_ref idref="fl-4"/>
      </object_component>
      <object_component id="oc-304">
         <name>.text</name>
         <load_address>0x820c</load_address>
         <run_address>0x820c</run_address>
         <size>0x344</size>
         <input_file_ref idref="fl-16c"/>
      </object_component>
      <object_component id="oc-30f">
         <name>.text</name>
         <load_address>0x8550</load_address>
         <run_address>0x8550</run_address>
         <size>0x340</size>
         <input_file_ref idref="fl-16e"/>
      </object_component>
      <object_component id="oc-52">
         <name>.text</name>
         <load_address>0x8890</load_address>
         <run_address>0x8890</run_address>
         <size>0x340</size>
         <input_file_ref idref="fl-8"/>
      </object_component>
      <object_component id="oc-f3">
         <name>.text</name>
         <load_address>0x8bd0</load_address>
         <run_address>0x8bd0</run_address>
         <size>0x30c</size>
         <input_file_ref idref="fl-149"/>
      </object_component>
      <object_component id="oc-e1">
         <name>.text</name>
         <load_address>0x8edc</load_address>
         <run_address>0x8edc</run_address>
         <size>0x2d8</size>
         <input_file_ref idref="fl-148"/>
      </object_component>
      <object_component id="oc-31b">
         <name>.text</name>
         <load_address>0x91b4</load_address>
         <run_address>0x91b4</run_address>
         <size>0x2d8</size>
         <input_file_ref idref="fl-16f"/>
      </object_component>
      <object_component id="oc-293">
         <name>.text</name>
         <load_address>0x948c</load_address>
         <run_address>0x948c</run_address>
         <size>0x2b8</size>
         <input_file_ref idref="fl-173"/>
      </object_component>
      <object_component id="oc-43">
         <name>.text:retain</name>
         <load_address>0x9744</load_address>
         <run_address>0x9744</run_address>
         <size>0x26c</size>
         <input_file_ref idref="fl-11"/>
      </object_component>
      <object_component id="oc-2fe">
         <name>.text</name>
         <load_address>0x99b0</load_address>
         <run_address>0x99b0</run_address>
         <size>0x244</size>
         <input_file_ref idref="fl-171"/>
      </object_component>
      <object_component id="oc-2c1">
         <name>.text</name>
         <load_address>0x9bf4</load_address>
         <run_address>0x9bf4</run_address>
         <size>0x214</size>
         <input_file_ref idref="fl-15b"/>
      </object_component>
      <object_component id="oc-b">
         <name>.text:retain</name>
         <load_address>0x9e08</load_address>
         <run_address>0x9e08</run_address>
         <size>0x1fc</size>
         <input_file_ref idref="fl-10"/>
      </object_component>
      <object_component id="oc-315">
         <name>.text</name>
         <load_address>0xa004</load_address>
         <run_address>0xa004</run_address>
         <size>0x1f8</size>
         <input_file_ref idref="fl-16d"/>
      </object_component>
      <object_component id="oc-1e1">
         <name>.text</name>
         <load_address>0xa1fc</load_address>
         <run_address>0xa1fc</run_address>
         <size>0x1d4</size>
         <input_file_ref idref="fl-163"/>
      </object_component>
      <object_component id="oc-2f8">
         <name>.text</name>
         <load_address>0xa3d0</load_address>
         <run_address>0xa3d0</run_address>
         <size>0x1c0</size>
         <input_file_ref idref="fl-170"/>
      </object_component>
      <object_component id="oc-2a7">
         <name>.text</name>
         <load_address>0xa590</load_address>
         <run_address>0xa590</run_address>
         <size>0x190</size>
         <input_file_ref idref="fl-15d"/>
      </object_component>
      <object_component id="oc-7b">
         <name>.text</name>
         <load_address>0xa720</load_address>
         <run_address>0xa720</run_address>
         <size>0x180</size>
         <input_file_ref idref="fl-14b"/>
      </object_component>
      <object_component id="oc-2e8">
         <name>.text</name>
         <load_address>0xa8a0</load_address>
         <run_address>0xa8a0</run_address>
         <size>0x158</size>
         <input_file_ref idref="fl-168"/>
      </object_component>
      <object_component id="oc-c4">
         <name>.text</name>
         <load_address>0xa9f8</load_address>
         <run_address>0xa9f8</run_address>
         <size>0x150</size>
         <input_file_ref idref="fl-6"/>
      </object_component>
      <object_component id="oc-23">
         <name>.text:retain</name>
         <load_address>0xab48</load_address>
         <run_address>0xab48</run_address>
         <size>0x130</size>
         <input_file_ref idref="fl-3"/>
      </object_component>
      <object_component id="oc-ed">
         <name>.text</name>
         <load_address>0xac78</load_address>
         <run_address>0xac78</run_address>
         <size>0x12c</size>
         <input_file_ref idref="fl-147"/>
      </object_component>
      <object_component id="oc-2a2">
         <name>.text</name>
         <load_address>0xada4</load_address>
         <run_address>0xada4</run_address>
         <size>0x128</size>
         <input_file_ref idref="fl-15e"/>
      </object_component>
      <object_component id="oc-9b">
         <name>.text</name>
         <load_address>0xaecc</load_address>
         <run_address>0xaecc</run_address>
         <size>0x11c</size>
         <input_file_ref idref="fl-5"/>
      </object_component>
      <object_component id="oc-27d">
         <name>.text</name>
         <load_address>0xafe8</load_address>
         <run_address>0xafe8</run_address>
         <size>0x118</size>
         <input_file_ref idref="fl-177"/>
      </object_component>
      <object_component id="oc-cc">
         <name>.text</name>
         <load_address>0xb100</load_address>
         <run_address>0xb100</run_address>
         <size>0x114</size>
         <input_file_ref idref="fl-e"/>
      </object_component>
      <object_component id="oc-1db">
         <name>.text</name>
         <load_address>0xb214</load_address>
         <run_address>0xb214</run_address>
         <size>0x110</size>
         <input_file_ref idref="fl-162"/>
      </object_component>
      <object_component id="oc-f9">
         <name>.text</name>
         <load_address>0xb324</load_address>
         <run_address>0xb324</run_address>
         <size>0xfc</size>
         <input_file_ref idref="fl-146"/>
      </object_component>
      <object_component id="oc-2f0">
         <name>.text</name>
         <load_address>0xb420</load_address>
         <run_address>0xb420</run_address>
         <size>0xec</size>
         <input_file_ref idref="fl-176"/>
      </object_component>
      <object_component id="oc-ac">
         <name>.text</name>
         <load_address>0xb50c</load_address>
         <run_address>0xb50c</run_address>
         <size>0xe8</size>
         <input_file_ref idref="fl-2"/>
      </object_component>
      <object_component id="oc-1fc">
         <name>.text</name>
         <load_address>0xb5f4</load_address>
         <run_address>0xb5f4</run_address>
         <size>0xe4</size>
         <input_file_ref idref="fl-161"/>
      </object_component>
      <object_component id="oc-29d">
         <name>.text:__aeabi_cdcmple</name>
         <load_address>0xb6d8</load_address>
         <run_address>0xb6d8</run_address>
         <size>0xe0</size>
         <input_file_ref idref="fl-15c"/>
      </object_component>
      <object_component id="oc-2ac">
         <name>.text:__aeabi_cdrcmple</name>
         <load_address>0xb7b8</load_address>
         <run_address>0xb7b8</run_address>
         <size>0xe0</size>
         <input_file_ref idref="fl-15c"/>
      </object_component>
      <object_component id="oc-69">
         <name>.text</name>
         <load_address>0xb898</load_address>
         <run_address>0xb898</run_address>
         <size>0xd4</size>
         <input_file_ref idref="fl-13f"/>
      </object_component>
      <object_component id="oc-1f6">
         <name>.text</name>
         <load_address>0xb96c</load_address>
         <run_address>0xb96c</run_address>
         <size>0xc8</size>
         <input_file_ref idref="fl-155"/>
      </object_component>
      <object_component id="oc-1d0">
         <name>.text</name>
         <load_address>0xba34</load_address>
         <run_address>0xba34</run_address>
         <size>0xb0</size>
         <input_file_ref idref="fl-14d"/>
      </object_component>
      <object_component id="oc-371">
         <name>.text</name>
         <load_address>0xbae4</load_address>
         <run_address>0xbae4</run_address>
         <size>0xa8</size>
         <input_file_ref idref="fl-179"/>
      </object_component>
      <object_component id="oc-e7">
         <name>.text</name>
         <load_address>0xbb8c</load_address>
         <run_address>0xbb8c</run_address>
         <size>0xa4</size>
         <input_file_ref idref="fl-14e"/>
      </object_component>
      <object_component id="oc-3dc">
         <name>.text</name>
         <load_address>0xbc30</load_address>
         <run_address>0xbc30</run_address>
         <size>0xa4</size>
         <input_file_ref idref="fl-154"/>
      </object_component>
      <object_component id="oc-8e">
         <name>.text</name>
         <load_address>0xbcd4</load_address>
         <run_address>0xbcd4</run_address>
         <size>0x98</size>
         <input_file_ref idref="fl-141"/>
      </object_component>
      <object_component id="oc-2d2">
         <name>.text</name>
         <load_address>0xbd6c</load_address>
         <run_address>0xbd6c</run_address>
         <size>0x84</size>
         <input_file_ref idref="fl-159"/>
      </object_component>
      <object_component id="oc-391">
         <name>.text</name>
         <load_address>0xbdf0</load_address>
         <run_address>0xbdf0</run_address>
         <size>0x84</size>
         <input_file_ref idref="fl-175"/>
      </object_component>
      <object_component id="oc-da">
         <name>.text</name>
         <load_address>0xbe74</load_address>
         <run_address>0xbe74</run_address>
         <size>0x80</size>
         <input_file_ref idref="fl-143"/>
      </object_component>
      <object_component id="oc-2b6">
         <name>.text</name>
         <load_address>0xbef4</load_address>
         <run_address>0xbef4</run_address>
         <size>0x80</size>
         <input_file_ref idref="fl-165"/>
      </object_component>
      <object_component id="oc-74">
         <name>.text</name>
         <load_address>0xbf74</load_address>
         <run_address>0xbf74</run_address>
         <size>0x78</size>
         <input_file_ref idref="fl-145"/>
      </object_component>
      <object_component id="oc-2b1">
         <name>.text</name>
         <load_address>0xbfec</load_address>
         <run_address>0xbfec</run_address>
         <size>0x5c</size>
         <input_file_ref idref="fl-15f"/>
      </object_component>
      <object_component id="oc-30a">
         <name>.text</name>
         <load_address>0xc048</load_address>
         <run_address>0xc048</run_address>
         <size>0x58</size>
         <input_file_ref idref="fl-160"/>
      </object_component>
      <object_component id="oc-388">
         <name>.text</name>
         <load_address>0xc0a0</load_address>
         <run_address>0xc0a0</run_address>
         <size>0x58</size>
         <input_file_ref idref="fl-17a"/>
      </object_component>
      <object_component id="oc-298">
         <name>.text</name>
         <load_address>0xc0f8</load_address>
         <run_address>0xc0f8</run_address>
         <size>0x54</size>
         <input_file_ref idref="fl-172"/>
      </object_component>
      <object_component id="oc-2c">
         <name>.text:retain</name>
         <load_address>0xc14c</load_address>
         <run_address>0xc14c</run_address>
         <size>0x4c</size>
         <input_file_ref idref="fl-4"/>
      </object_component>
      <object_component id="oc-262">
         <name>.text</name>
         <load_address>0xc198</load_address>
         <run_address>0xc198</run_address>
         <size>0x48</size>
         <input_file_ref idref="fl-152"/>
      </object_component>
      <object_component id="oc-2bc">
         <name>.text</name>
         <load_address>0xc1e0</load_address>
         <run_address>0xc1e0</run_address>
         <size>0x3c</size>
         <input_file_ref idref="fl-164"/>
      </object_component>
      <object_component id="oc-32">
         <name>.text:retain</name>
         <load_address>0xc21c</load_address>
         <run_address>0xc21c</run_address>
         <size>0x2c</size>
         <input_file_ref idref="fl-7"/>
      </object_component>
      <object_component id="oc-2cc">
         <name>.text</name>
         <load_address>0xc248</load_address>
         <run_address>0xc248</run_address>
         <size>0x2c</size>
         <input_file_ref idref="fl-166"/>
      </object_component>
      <object_component id="oc-28b">
         <name>.text</name>
         <load_address>0xc274</load_address>
         <run_address>0xc274</run_address>
         <size>0x2c</size>
         <input_file_ref idref="fl-167"/>
      </object_component>
      <object_component id="oc-321">
         <name>.text</name>
         <load_address>0xc2a0</load_address>
         <run_address>0xc2a0</run_address>
         <size>0x2c</size>
         <input_file_ref idref="fl-16b"/>
      </object_component>
      <object_component id="oc-25c">
         <name>.text</name>
         <load_address>0xc2cc</load_address>
         <run_address>0xc2cc</run_address>
         <size>0x28</size>
         <input_file_ref idref="fl-150"/>
      </object_component>
      <object_component id="oc-256">
         <name>.text</name>
         <load_address>0xc2f4</load_address>
         <run_address>0xc2f4</run_address>
         <size>0x28</size>
         <input_file_ref idref="fl-151"/>
      </object_component>
      <object_component id="oc-237">
         <name>.text</name>
         <load_address>0xc31c</load_address>
         <run_address>0xc31c</run_address>
         <size>0x24</size>
         <input_file_ref idref="fl-156"/>
      </object_component>
      <object_component id="oc-17">
         <name>.text:decompress:ZI</name>
         <load_address>0xc340</load_address>
         <run_address>0xc340</run_address>
         <size>0x20</size>
         <input_file_ref idref="fl-142"/>
      </object_component>
      <object_component id="oc-285">
         <name>.text</name>
         <load_address>0xc360</load_address>
         <run_address>0xc360</run_address>
         <size>0x20</size>
         <input_file_ref idref="fl-16a"/>
      </object_component>
      <object_component id="oc-327">
         <name>.text</name>
         <load_address>0xc380</load_address>
         <run_address>0xc380</run_address>
         <size>0x18</size>
         <input_file_ref idref="fl-169"/>
      </object_component>
      <object_component id="oc-11">
         <name>.text:decompress:none</name>
         <load_address>0xc398</load_address>
         <run_address>0xc398</run_address>
         <size>0x14</size>
         <input_file_ref idref="fl-140"/>
      </object_component>
      <object_component id="oc-2c6">
         <name>.text</name>
         <load_address>0xc3ac</load_address>
         <run_address>0xc3ac</run_address>
         <size>0x14</size>
         <input_file_ref idref="fl-174"/>
      </object_component>
      <object_component id="oc-1d">
         <name>.text:decompress:rle24</name>
         <load_address>0xc3c0</load_address>
         <run_address>0xc3c0</run_address>
         <size>0x8</size>
         <input_file_ref idref="fl-141"/>
      </object_component>
      <object_component id="oc-3d">
         <name>.text:retain</name>
         <load_address>0xc3c8</load_address>
         <run_address>0xc3c8</run_address>
         <size>0x4</size>
         <input_file_ref idref="fl-d"/>
      </object_component>
      <object_component id="oc-29">
         <name>.const:s_vim_init</name>
         <load_address>0xc3d0</load_address>
         <run_address>0xc3d0</run_address>
         <size>0x180</size>
         <input_file_ref idref="fl-11"/>
      </object_component>
      <object_component id="oc-208">
         <name>.const:.string:_ctypes_</name>
         <load_address>0xc550</load_address>
         <run_address>0xc550</run_address>
         <size>0x104</size>
         <input_file_ref idref="fl-15a"/>
      </object_component>
      <object_component id="oc-3b7">
         <name>.const:digits</name>
         <load_address>0xc658</load_address>
         <run_address>0xc658</run_address>
         <size>0x50</size>
         <input_file_ref idref="fl-16c"/>
      </object_component>
      <object_component id="oc-3c0">
         <name>.const:digits</name>
         <load_address>0xc6a8</load_address>
         <run_address>0xc6a8</run_address>
         <size>0x50</size>
         <input_file_ref idref="fl-16e"/>
      </object_component>
      <object_component id="oc-3ba">
         <name>.const:powerof10</name>
         <load_address>0xc6f8</load_address>
         <run_address>0xc6f8</run_address>
         <size>0x48</size>
         <input_file_ref idref="fl-16c"/>
      </object_component>
      <object_component id="oc-3c3">
         <name>.const:powerof10</name>
         <load_address>0xc740</load_address>
         <run_address>0xc740</run_address>
         <size>0x48</size>
         <input_file_ref idref="fl-16e"/>
      </object_component>
      <object_component id="oc-32d">
         <name>.const:.string</name>
         <load_address>0xc788</load_address>
         <run_address>0xc788</run_address>
         <size>0xd</size>
         <input_file_ref idref="fl-158"/>
      </object_component>
      <object_component id="oc-445">
         <name>.cinit..data.load</name>
         <load_address>0xc798</load_address>
         <run_address>0xc798</run_address>
         <size>0x78</size>
      </object_component>
      <object_component id="oc-442">
         <name>__TI_handler_table</name>
         <load_address>0xc810</load_address>
         <run_address>0xc810</run_address>
         <size>0xc</size>
      </object_component>
      <object_component id="oc-444">
         <name>.cinit..bss.load</name>
         <load_address>0xc820</load_address>
         <run_address>0xc820</run_address>
         <size>0x8</size>
      </object_component>
      <object_component id="oc-443">
         <name>__TI_cinit_table</name>
         <load_address>0xc828</load_address>
         <run_address>0xc828</run_address>
         <size>0x10</size>
      </object_component>
      <object_component id="oc-114">
         <name>.bss:TMS</name>
         <uninitialized>true</uninitialized>
         <run_address>0x8001500</run_address>
         <size>0x2580</size>
         <input_file_ref idref="fl-a"/>
      </object_component>
      <object_component id="oc-213">
         <name>.bss:__TI_tmpnams</name>
         <uninitialized>true</uninitialized>
         <run_address>0x8003ba0</run_address>
         <size>0xa0</size>
         <input_file_ref idref="fl-144"/>
      </object_component>
      <object_component id="oc-41a">
         <name>.bss:__CIOBUF_</name>
         <uninitialized>true</uninitialized>
         <run_address>0x8003a80</run_address>
         <size>0x120</size>
         <input_file_ref idref="fl-154"/>
      </object_component>
      <object_component id="oc-138">
         <name>.common:irq_count</name>
         <uninitialized>true</uninitialized>
         <run_address>0x8003c4c</run_address>
         <size>0x4</size>
      </object_component>
      <object_component id="oc-139">
         <name>.common:train_count</name>
         <uninitialized>true</uninitialized>
         <run_address>0x8003c50</run_address>
         <size>0x4</size>
      </object_component>
      <object_component id="oc-10f">
         <name>.common:trig_in_train_count</name>
         <uninitialized>true</uninitialized>
         <run_address>0x8003c54</run_address>
         <size>0x4</size>
      </object_component>
      <object_component id="oc-13a">
         <name>.common:TMS_trig_in_progress</name>
         <uninitialized>true</uninitialized>
         <run_address>0x8003c48</run_address>
         <size>0x4</size>
      </object_component>
      <object_component id="oc-3e2">
         <name>.common:parmbuf</name>
         <uninitialized>true</uninitialized>
         <run_address>0x8003c40</run_address>
         <size>0x8</size>
      </object_component>
      <object_component id="oc-111">
         <name>.data:_ftable</name>
         <load_address>0x8004458</load_address>
         <run_address>0x8004458</run_address>
         <size>0xf0</size>
         <input_file_ref idref="fl-144"/>
      </object_component>
      <object_component id="oc-11d">
         <name>.data</name>
         <load_address>0x8004634</load_address>
         <run_address>0x8004634</run_address>
         <size>0x8</size>
         <input_file_ref idref="fl-156"/>
      </object_component>
      <object_component id="oc-120">
         <name>.data</name>
         <load_address>0x800463c</load_address>
         <run_address>0x800463c</run_address>
         <size>0x8</size>
         <input_file_ref idref="fl-145"/>
      </object_component>
      <object_component id="oc-1d5">
         <name>.data</name>
         <load_address>0x8004618</load_address>
         <run_address>0x8004618</run_address>
         <size>0x10</size>
         <input_file_ref idref="fl-144"/>
      </object_component>
      <object_component id="oc-1d8">
         <name>.data</name>
         <load_address>0x8004648</load_address>
         <run_address>0x8004648</run_address>
         <size>0x4</size>
         <input_file_ref idref="fl-148"/>
      </object_component>
      <object_component id="oc-268">
         <name>.data</name>
         <load_address>0x8004548</load_address>
         <run_address>0x8004548</run_address>
         <size>0xd0</size>
         <input_file_ref idref="fl-14a"/>
      </object_component>
      <object_component id="oc-33a">
         <name>.data</name>
         <load_address>0x8004628</load_address>
         <run_address>0x8004628</run_address>
         <size>0xc</size>
         <input_file_ref idref="fl-14c"/>
      </object_component>
      <object_component id="oc-3b0">
         <name>.data</name>
         <load_address>0x8004644</load_address>
         <run_address>0x8004644</run_address>
         <size>0x4</size>
         <input_file_ref idref="fl-178"/>
      </object_component>
      <object_component id="oc-4f">
         <name>.sysmem</name>
         <uninitialized>true</uninitialized>
         <run_address>0x8003c58</run_address>
         <size>0x8</size>
         <input_file_ref idref="fl-14c"/>
      </object_component>
      <object_component id="oc-446">
         <name>.sysmem</name>
         <uninitialized>true</uninitialized>
         <run_address>0x8003c58</run_address>
         <size>0x0</size>
      </object_component>
      <object_component id="oc-c">
         <name>.debug_info</name>
         <load_address>0x0</load_address>
         <run_address>0x0</run_address>
         <size>0x4b6</size>
         <input_file_ref idref="fl-10"/>
      </object_component>
      <object_component id="oc-12">
         <name>.debug_info</name>
         <load_address>0x4b6</load_address>
         <run_address>0x4b6</run_address>
         <size>0x1a7</size>
         <input_file_ref idref="fl-140"/>
      </object_component>
      <object_component id="oc-1a">
         <name>.debug_info</name>
         <load_address>0x65d</load_address>
         <run_address>0x65d</run_address>
         <size>0x17d</size>
         <input_file_ref idref="fl-142"/>
      </object_component>
      <object_component id="oc-20">
         <name>.debug_info</name>
         <load_address>0x7da</load_address>
         <run_address>0x7da</run_address>
         <size>0x1a1</size>
         <input_file_ref idref="fl-141"/>
      </object_component>
      <object_component id="oc-25">
         <name>.debug_info</name>
         <load_address>0x97b</load_address>
         <run_address>0x97b</run_address>
         <size>0x190</size>
         <input_file_ref idref="fl-3"/>
      </object_component>
      <object_component id="oc-2a">
         <name>.debug_info</name>
         <load_address>0xb0b</load_address>
         <run_address>0xb0b</run_address>
         <size>0xcd</size>
         <input_file_ref idref="fl-11"/>
      </object_component>
      <object_component id="oc-2f">
         <name>.debug_info</name>
         <load_address>0xbd8</load_address>
         <run_address>0xbd8</run_address>
         <size>0x144</size>
         <input_file_ref idref="fl-4"/>
      </object_component>
      <object_component id="oc-33">
         <name>.debug_info</name>
         <load_address>0xd1c</load_address>
         <run_address>0xd1c</run_address>
         <size>0x12e</size>
         <input_file_ref idref="fl-7"/>
      </object_component>
      <object_component id="oc-3a">
         <name>.debug_info</name>
         <load_address>0xe4a</load_address>
         <run_address>0xe4a</run_address>
         <size>0xf9</size>
         <input_file_ref idref="fl-9"/>
      </object_component>
      <object_component id="oc-3e">
         <name>.debug_info</name>
         <load_address>0xf43</load_address>
         <run_address>0xf43</run_address>
         <size>0x125</size>
         <input_file_ref idref="fl-d"/>
      </object_component>
      <object_component id="oc-44">
         <name>.debug_info</name>
         <load_address>0x1068</load_address>
         <run_address>0x1068</run_address>
         <size>0x1e8</size>
         <input_file_ref idref="fl-11"/>
      </object_component>
      <object_component id="oc-48">
         <name>.debug_info</name>
         <load_address>0x1250</load_address>
         <run_address>0x1250</run_address>
         <size>0x45f</size>
         <input_file_ref idref="fl-11"/>
      </object_component>
      <object_component id="oc-50">
         <name>.debug_info</name>
         <load_address>0x16af</load_address>
         <run_address>0x16af</run_address>
         <size>0xc9</size>
         <input_file_ref idref="fl-14c"/>
      </object_component>
      <object_component id="oc-55">
         <name>.debug_info</name>
         <load_address>0x1778</load_address>
         <run_address>0x1778</run_address>
         <size>0x7a8</size>
         <input_file_ref idref="fl-8"/>
      </object_component>
      <object_component id="oc-58">
         <name>.debug_info</name>
         <load_address>0x1f20</load_address>
         <run_address>0x1f20</run_address>
         <size>0x71e</size>
         <input_file_ref idref="fl-12"/>
      </object_component>
      <object_component id="oc-5e">
         <name>.debug_info</name>
         <load_address>0x263e</load_address>
         <run_address>0x263e</run_address>
         <size>0x2800</size>
         <input_file_ref idref="fl-f"/>
      </object_component>
      <object_component id="oc-65">
         <name>.debug_info</name>
         <load_address>0x4e3e</load_address>
         <run_address>0x4e3e</run_address>
         <size>0xb56</size>
         <input_file_ref idref="fl-3"/>
      </object_component>
      <object_component id="oc-6b">
         <name>.debug_info</name>
         <load_address>0x5994</load_address>
         <run_address>0x5994</run_address>
         <size>0x153</size>
         <input_file_ref idref="fl-13f"/>
      </object_component>
      <object_component id="oc-6f">
         <name>.debug_info</name>
         <load_address>0x5ae7</load_address>
         <run_address>0x5ae7</run_address>
         <size>0x38d</size>
         <input_file_ref idref="fl-a"/>
      </object_component>
      <object_component id="oc-77">
         <name>.debug_info</name>
         <load_address>0x5e74</load_address>
         <run_address>0x5e74</run_address>
         <size>0x1d5</size>
         <input_file_ref idref="fl-145"/>
      </object_component>
      <object_component id="oc-7c">
         <name>.debug_info</name>
         <load_address>0x6049</load_address>
         <run_address>0x6049</run_address>
         <size>0x14a</size>
         <input_file_ref idref="fl-14b"/>
      </object_component>
      <object_component id="oc-81">
         <name>.debug_info</name>
         <load_address>0x6193</load_address>
         <run_address>0x6193</run_address>
         <size>0x46</size>
         <input_file_ref idref="fl-140"/>
      </object_component>
      <object_component id="oc-86">
         <name>.debug_info</name>
         <load_address>0x61d9</load_address>
         <run_address>0x61d9</run_address>
         <size>0x105</size>
         <input_file_ref idref="fl-140"/>
      </object_component>
      <object_component id="oc-88">
         <name>.debug_info</name>
         <load_address>0x62de</load_address>
         <run_address>0x62de</run_address>
         <size>0x46</size>
         <input_file_ref idref="fl-142"/>
      </object_component>
      <object_component id="oc-8d">
         <name>.debug_info</name>
         <load_address>0x6324</load_address>
         <run_address>0x6324</run_address>
         <size>0xc0</size>
         <input_file_ref idref="fl-142"/>
      </object_component>
      <object_component id="oc-90">
         <name>.debug_info</name>
         <load_address>0x63e4</load_address>
         <run_address>0x63e4</run_address>
         <size>0x202</size>
         <input_file_ref idref="fl-141"/>
      </object_component>
      <object_component id="oc-95">
         <name>.debug_info</name>
         <load_address>0x65e6</load_address>
         <run_address>0x65e6</run_address>
         <size>0xca</size>
         <input_file_ref idref="fl-141"/>
      </object_component>
      <object_component id="oc-96">
         <name>.debug_info</name>
         <load_address>0x66b0</load_address>
         <run_address>0x66b0</run_address>
         <size>0x39</size>
         <input_file_ref idref="fl-141"/>
      </object_component>
      <object_component id="oc-9c">
         <name>.debug_info</name>
         <load_address>0x66e9</load_address>
         <run_address>0x66e9</run_address>
         <size>0x636</size>
         <input_file_ref idref="fl-5"/>
      </object_component>
      <object_component id="oc-a2">
         <name>.debug_info</name>
         <load_address>0x6d1f</load_address>
         <run_address>0x6d1f</run_address>
         <size>0xae</size>
         <input_file_ref idref="fl-3"/>
      </object_component>
      <object_component id="oc-a9">
         <name>.debug_info</name>
         <load_address>0x6dcd</load_address>
         <run_address>0x6dcd</run_address>
         <size>0x3b6</size>
         <input_file_ref idref="fl-11"/>
      </object_component>
      <object_component id="oc-ad">
         <name>.debug_info</name>
         <load_address>0x7183</load_address>
         <run_address>0x7183</run_address>
         <size>0xf1</size>
         <input_file_ref idref="fl-2"/>
      </object_component>
      <object_component id="oc-b5">
         <name>.debug_info</name>
         <load_address>0x7274</load_address>
         <run_address>0x7274</run_address>
         <size>0x18c</size>
         <input_file_ref idref="fl-3"/>
      </object_component>
      <object_component id="oc-ba">
         <name>.debug_info</name>
         <load_address>0x7400</load_address>
         <run_address>0x7400</run_address>
         <size>0x86</size>
         <input_file_ref idref="fl-3"/>
      </object_component>
      <object_component id="oc-c1">
         <name>.debug_info</name>
         <load_address>0x7486</load_address>
         <run_address>0x7486</run_address>
         <size>0x1ea</size>
         <input_file_ref idref="fl-14c"/>
      </object_component>
      <object_component id="oc-c6">
         <name>.debug_info</name>
         <load_address>0x7670</load_address>
         <run_address>0x7670</run_address>
         <size>0x1ce</size>
         <input_file_ref idref="fl-6"/>
      </object_component>
      <object_component id="oc-cb">
         <name>.debug_info</name>
         <load_address>0x783e</load_address>
         <run_address>0x783e</run_address>
         <size>0x426</size>
         <input_file_ref idref="fl-12"/>
      </object_component>
      <object_component id="oc-cd">
         <name>.debug_info</name>
         <load_address>0x7c64</load_address>
         <run_address>0x7c64</run_address>
         <size>0x36c</size>
         <input_file_ref idref="fl-e"/>
      </object_component>
      <object_component id="oc-d2">
         <name>.debug_info</name>
         <load_address>0x7fd0</load_address>
         <run_address>0x7fd0</run_address>
         <size>0x57a</size>
         <input_file_ref idref="fl-f"/>
      </object_component>
      <object_component id="oc-d4">
         <name>.debug_info</name>
         <load_address>0x854a</load_address>
         <run_address>0x854a</run_address>
         <size>0x129</size>
         <input_file_ref idref="fl-3"/>
      </object_component>
      <object_component id="oc-d9">
         <name>.debug_info</name>
         <load_address>0x8673</load_address>
         <run_address>0x8673</run_address>
         <size>0x22f</size>
         <input_file_ref idref="fl-3"/>
      </object_component>
      <object_component id="oc-dc">
         <name>.debug_info</name>
         <load_address>0x88a2</load_address>
         <run_address>0x88a2</run_address>
         <size>0x15e</size>
         <input_file_ref idref="fl-143"/>
      </object_component>
      <object_component id="oc-e3">
         <name>.debug_info</name>
         <load_address>0x8a00</load_address>
         <run_address>0x8a00</run_address>
         <size>0x41d</size>
         <input_file_ref idref="fl-148"/>
      </object_component>
      <object_component id="oc-ea">
         <name>.debug_info</name>
         <load_address>0x8e1d</load_address>
         <run_address>0x8e1d</run_address>
         <size>0x280</size>
         <input_file_ref idref="fl-14e"/>
      </object_component>
      <object_component id="oc-ef">
         <name>.debug_info</name>
         <load_address>0x909d</load_address>
         <run_address>0x909d</run_address>
         <size>0x222</size>
         <input_file_ref idref="fl-147"/>
      </object_component>
      <object_component id="oc-f5">
         <name>.debug_info</name>
         <load_address>0x92bf</load_address>
         <run_address>0x92bf</run_address>
         <size>0x622</size>
         <input_file_ref idref="fl-149"/>
      </object_component>
      <object_component id="oc-fd">
         <name>.debug_info</name>
         <load_address>0x98e1</load_address>
         <run_address>0x98e1</run_address>
         <size>0x260</size>
         <input_file_ref idref="fl-146"/>
      </object_component>
      <object_component id="oc-100">
         <name>.debug_info</name>
         <load_address>0x9b41</load_address>
         <run_address>0x9b41</run_address>
         <size>0xd0d</size>
         <input_file_ref idref="fl-7"/>
      </object_component>
      <object_component id="oc-108">
         <name>.debug_info</name>
         <load_address>0xa84e</load_address>
         <run_address>0xa84e</run_address>
         <size>0x6bd</size>
         <input_file_ref idref="fl-4"/>
      </object_component>
      <object_component id="oc-10c">
         <name>.debug_info</name>
         <load_address>0xaf0b</load_address>
         <run_address>0xaf0b</run_address>
         <size>0x53d</size>
         <input_file_ref idref="fl-a"/>
      </object_component>
      <object_component id="oc-112">
         <name>.debug_info</name>
         <load_address>0xb448</load_address>
         <run_address>0xb448</run_address>
         <size>0xbf</size>
         <input_file_ref idref="fl-144"/>
      </object_component>
      <object_component id="oc-115">
         <name>.debug_info</name>
         <load_address>0xb507</load_address>
         <run_address>0xb507</run_address>
         <size>0xc1</size>
         <input_file_ref idref="fl-a"/>
      </object_component>
      <object_component id="oc-118">
         <name>.debug_info</name>
         <load_address>0xb5c8</load_address>
         <run_address>0xb5c8</run_address>
         <size>0x84</size>
         <input_file_ref idref="fl-3"/>
      </object_component>
      <object_component id="oc-11e">
         <name>.debug_info</name>
         <load_address>0xb64c</load_address>
         <run_address>0xb64c</run_address>
         <size>0xdb</size>
         <input_file_ref idref="fl-156"/>
      </object_component>
      <object_component id="oc-121">
         <name>.debug_info</name>
         <load_address>0xb727</load_address>
         <run_address>0xb727</run_address>
         <size>0xfe</size>
         <input_file_ref idref="fl-145"/>
      </object_component>
      <object_component id="oc-124">
         <name>.debug_info</name>
         <load_address>0xb825</load_address>
         <run_address>0xb825</run_address>
         <size>0x159</size>
         <input_file_ref idref="fl-145"/>
      </object_component>
      <object_component id="oc-127">
         <name>.debug_info</name>
         <load_address>0xb97e</load_address>
         <run_address>0xb97e</run_address>
         <size>0x2c</size>
         <input_file_ref idref="fl-140"/>
      </object_component>
      <object_component id="oc-12e">
         <name>.debug_info</name>
         <load_address>0xb9aa</load_address>
         <run_address>0xb9aa</run_address>
         <size>0x2c</size>
         <input_file_ref idref="fl-142"/>
      </object_component>
      <object_component id="oc-13c">
         <name>.debug_info</name>
         <load_address>0xb9d6</load_address>
         <run_address>0xb9d6</run_address>
         <size>0x437</size>
         <input_file_ref idref="fl-5"/>
      </object_component>
      <object_component id="oc-13d">
         <name>.debug_info</name>
         <load_address>0xbe0d</load_address>
         <run_address>0xbe0d</run_address>
         <size>0x18b</size>
         <input_file_ref idref="fl-3"/>
      </object_component>
      <object_component id="oc-142">
         <name>.debug_info</name>
         <load_address>0xbf98</load_address>
         <run_address>0xbf98</run_address>
         <size>0x2c</size>
         <input_file_ref idref="fl-3"/>
      </object_component>
      <object_component id="oc-149">
         <name>.debug_info</name>
         <load_address>0xbfc4</load_address>
         <run_address>0xbfc4</run_address>
         <size>0xe57</size>
         <input_file_ref idref="fl-3"/>
      </object_component>
      <object_component id="oc-14e">
         <name>.debug_info</name>
         <load_address>0xce1b</load_address>
         <run_address>0xce1b</run_address>
         <size>0x25da</size>
         <input_file_ref idref="fl-3"/>
      </object_component>
      <object_component id="oc-153">
         <name>.debug_info</name>
         <load_address>0xf3f5</load_address>
         <run_address>0xf3f5</run_address>
         <size>0x1f2</size>
         <input_file_ref idref="fl-3"/>
      </object_component>
      <object_component id="oc-158">
         <name>.debug_info</name>
         <load_address>0xf5e7</load_address>
         <run_address>0xf5e7</run_address>
         <size>0x435</size>
         <input_file_ref idref="fl-5"/>
      </object_component>
      <object_component id="oc-15d">
         <name>.debug_info</name>
         <load_address>0xfa1c</load_address>
         <run_address>0xfa1c</run_address>
         <size>0x1d1</size>
         <input_file_ref idref="fl-4"/>
      </object_component>
      <object_component id="oc-162">
         <name>.debug_info</name>
         <load_address>0xfbed</load_address>
         <run_address>0xfbed</run_address>
         <size>0x642</size>
         <input_file_ref idref="fl-5"/>
      </object_component>
      <object_component id="oc-167">
         <name>.debug_info</name>
         <load_address>0x1022f</load_address>
         <run_address>0x1022f</run_address>
         <size>0x13e</size>
         <input_file_ref idref="fl-5"/>
      </object_component>
      <object_component id="oc-16c">
         <name>.debug_info</name>
         <load_address>0x1036d</load_address>
         <run_address>0x1036d</run_address>
         <size>0x2cf</size>
         <input_file_ref idref="fl-3"/>
      </object_component>
      <object_component id="oc-171">
         <name>.debug_info</name>
         <load_address>0x1063c</load_address>
         <run_address>0x1063c</run_address>
         <size>0x4f</size>
         <input_file_ref idref="fl-11"/>
      </object_component>
      <object_component id="oc-179">
         <name>.debug_info</name>
         <load_address>0x1068b</load_address>
         <run_address>0x1068b</run_address>
         <size>0x2c</size>
         <input_file_ref idref="fl-148"/>
      </object_component>
      <object_component id="oc-17e">
         <name>.debug_info</name>
         <load_address>0x106b7</load_address>
         <run_address>0x106b7</run_address>
         <size>0x62</size>
         <input_file_ref idref="fl-14c"/>
      </object_component>
      <object_component id="oc-184">
         <name>.debug_info</name>
         <load_address>0x10719</load_address>
         <run_address>0x10719</run_address>
         <size>0x199</size>
         <input_file_ref idref="fl-6"/>
      </object_component>
      <object_component id="oc-187">
         <name>.debug_info</name>
         <load_address>0x108b2</load_address>
         <run_address>0x108b2</run_address>
         <size>0x791</size>
         <input_file_ref idref="fl-5"/>
      </object_component>
      <object_component id="oc-18c">
         <name>.debug_info</name>
         <load_address>0x11043</load_address>
         <run_address>0x11043</run_address>
         <size>0x4de</size>
         <input_file_ref idref="fl-5"/>
      </object_component>
      <object_component id="oc-191">
         <name>.debug_info</name>
         <load_address>0x11521</load_address>
         <run_address>0x11521</run_address>
         <size>0x3ce</size>
         <input_file_ref idref="fl-5"/>
      </object_component>
      <object_component id="oc-196">
         <name>.debug_info</name>
         <load_address>0x118ef</load_address>
         <run_address>0x118ef</run_address>
         <size>0x437</size>
         <input_file_ref idref="fl-5"/>
      </object_component>
      <object_component id="oc-19b">
         <name>.debug_info</name>
         <load_address>0x11d26</load_address>
         <run_address>0x11d26</run_address>
         <size>0x1ca</size>
         <input_file_ref idref="fl-5"/>
      </object_component>
      <object_component id="oc-1a0">
         <name>.debug_info</name>
         <load_address>0x11ef0</load_address>
         <run_address>0x11ef0</run_address>
         <size>0x3d3</size>
         <input_file_ref idref="fl-5"/>
      </object_component>
      <object_component id="oc-1a5">
         <name>.debug_info</name>
         <load_address>0x122c3</load_address>
         <run_address>0x122c3</run_address>
         <size>0x1d8</size>
         <input_file_ref idref="fl-6"/>
      </object_component>
      <object_component id="oc-1aa">
         <name>.debug_info</name>
         <load_address>0x1249b</load_address>
         <run_address>0x1249b</run_address>
         <size>0x1de</size>
         <input_file_ref idref="fl-5"/>
      </object_component>
      <object_component id="oc-1af">
         <name>.debug_info</name>
         <load_address>0x12679</load_address>
         <run_address>0x12679</run_address>
         <size>0x2af</size>
         <input_file_ref idref="fl-c"/>
      </object_component>
      <object_component id="oc-1b4">
         <name>.debug_info</name>
         <load_address>0x12928</load_address>
         <run_address>0x12928</run_address>
         <size>0x4f2</size>
         <input_file_ref idref="fl-5"/>
      </object_component>
      <object_component id="oc-1b9">
         <name>.debug_info</name>
         <load_address>0x12e1a</load_address>
         <run_address>0x12e1a</run_address>
         <size>0x17a</size>
         <input_file_ref idref="fl-5"/>
      </object_component>
      <object_component id="oc-1c1">
         <name>.debug_info</name>
         <load_address>0x12f94</load_address>
         <run_address>0x12f94</run_address>
         <size>0x37b</size>
         <input_file_ref idref="fl-5"/>
      </object_component>
      <object_component id="oc-1c9">
         <name>.debug_info</name>
         <load_address>0x1330f</load_address>
         <run_address>0x1330f</run_address>
         <size>0x15b</size>
         <input_file_ref idref="fl-143"/>
      </object_component>
      <object_component id="oc-1cb">
         <name>.debug_info</name>
         <load_address>0x1346a</load_address>
         <run_address>0x1346a</run_address>
         <size>0xb84</size>
         <input_file_ref idref="fl-14a"/>
      </object_component>
      <object_component id="oc-1d1">
         <name>.debug_info</name>
         <load_address>0x13fee</load_address>
         <run_address>0x13fee</run_address>
         <size>0x114</size>
         <input_file_ref idref="fl-14d"/>
      </object_component>
      <object_component id="oc-1d6">
         <name>.debug_info</name>
         <load_address>0x14102</load_address>
         <run_address>0x14102</run_address>
         <size>0x14c</size>
         <input_file_ref idref="fl-144"/>
      </object_component>
      <object_component id="oc-1da">
         <name>.debug_info</name>
         <load_address>0x1424e</load_address>
         <run_address>0x1424e</run_address>
         <size>0x204</size>
         <input_file_ref idref="fl-148"/>
      </object_component>
      <object_component id="oc-1dc">
         <name>.debug_info</name>
         <load_address>0x14452</load_address>
         <run_address>0x14452</run_address>
         <size>0x2a0</size>
         <input_file_ref idref="fl-162"/>
      </object_component>
      <object_component id="oc-1e2">
         <name>.debug_info</name>
         <load_address>0x146f2</load_address>
         <run_address>0x146f2</run_address>
         <size>0x32b</size>
         <input_file_ref idref="fl-163"/>
      </object_component>
      <object_component id="oc-1e9">
         <name>.debug_info</name>
         <load_address>0x14a1d</load_address>
         <run_address>0x14a1d</run_address>
         <size>0x12c4</size>
         <input_file_ref idref="fl-157"/>
      </object_component>
      <object_component id="oc-1ee">
         <name>.debug_info</name>
         <load_address>0x15ce1</load_address>
         <run_address>0x15ce1</run_address>
         <size>0x1fe</size>
         <input_file_ref idref="fl-14e"/>
      </object_component>
      <object_component id="oc-1ef">
         <name>.debug_info</name>
         <load_address>0x15edf</load_address>
         <run_address>0x15edf</run_address>
         <size>0x4e</size>
         <input_file_ref idref="fl-3"/>
      </object_component>
      <object_component id="oc-1f5">
         <name>.debug_info</name>
         <load_address>0x15f2d</load_address>
         <run_address>0x15f2d</run_address>
         <size>0x16a</size>
         <input_file_ref idref="fl-147"/>
      </object_component>
      <object_component id="oc-1f7">
         <name>.debug_info</name>
         <load_address>0x16097</load_address>
         <run_address>0x16097</run_address>
         <size>0x174</size>
         <input_file_ref idref="fl-155"/>
      </object_component>
      <object_component id="oc-1fd">
         <name>.debug_info</name>
         <load_address>0x1620b</load_address>
         <run_address>0x1620b</run_address>
         <size>0x24c</size>
         <input_file_ref idref="fl-161"/>
      </object_component>
      <object_component id="oc-203">
         <name>.debug_info</name>
         <load_address>0x16457</load_address>
         <run_address>0x16457</run_address>
         <size>0xbe2</size>
         <input_file_ref idref="fl-158"/>
      </object_component>
      <object_component id="oc-209">
         <name>.debug_info</name>
         <load_address>0x17039</load_address>
         <run_address>0x17039</run_address>
         <size>0xc2</size>
         <input_file_ref idref="fl-15a"/>
      </object_component>
      <object_component id="oc-20c">
         <name>.debug_info</name>
         <load_address>0x170fb</load_address>
         <run_address>0x170fb</run_address>
         <size>0x25d</size>
         <input_file_ref idref="fl-149"/>
      </object_component>
      <object_component id="oc-20f">
         <name>.debug_info</name>
         <load_address>0x17358</load_address>
         <run_address>0x17358</run_address>
         <size>0x86e</size>
         <input_file_ref idref="fl-14c"/>
      </object_component>
      <object_component id="oc-214">
         <name>.debug_info</name>
         <load_address>0x17bc6</load_address>
         <run_address>0x17bc6</run_address>
         <size>0xc9</size>
         <input_file_ref idref="fl-144"/>
      </object_component>
      <object_component id="oc-217">
         <name>.debug_info</name>
         <load_address>0x17c8f</load_address>
         <run_address>0x17c8f</run_address>
         <size>0x1c8</size>
         <input_file_ref idref="fl-146"/>
      </object_component>
      <object_component id="oc-219">
         <name>.debug_info</name>
         <load_address>0x17e57</load_address>
         <run_address>0x17e57</run_address>
         <size>0x1d4</size>
         <input_file_ref idref="fl-5"/>
      </object_component>
      <object_component id="oc-21e">
         <name>.debug_info</name>
         <load_address>0x1802b</load_address>
         <run_address>0x1802b</run_address>
         <size>0x202</size>
         <input_file_ref idref="fl-7"/>
      </object_component>
      <object_component id="oc-220">
         <name>.debug_info</name>
         <load_address>0x1822d</load_address>
         <run_address>0x1822d</run_address>
         <size>0x1e7</size>
         <input_file_ref idref="fl-4"/>
      </object_component>
      <object_component id="oc-223">
         <name>.debug_info</name>
         <load_address>0x18414</load_address>
         <run_address>0x18414</run_address>
         <size>0xbb</size>
         <input_file_ref idref="fl-a"/>
      </object_component>
      <object_component id="oc-228">
         <name>.debug_info</name>
         <load_address>0x184cf</load_address>
         <run_address>0x184cf</run_address>
         <size>0x306</size>
         <input_file_ref idref="fl-5"/>
      </object_component>
      <object_component id="oc-22d">
         <name>.debug_info</name>
         <load_address>0x187d5</load_address>
         <run_address>0x187d5</run_address>
         <size>0x76</size>
         <input_file_ref idref="fl-5"/>
      </object_component>
      <object_component id="oc-234">
         <name>.debug_info</name>
         <load_address>0x1884b</load_address>
         <run_address>0x1884b</run_address>
         <size>0xd8</size>
         <input_file_ref idref="fl-144"/>
      </object_component>
      <object_component id="oc-23b">
         <name>.debug_info</name>
         <load_address>0x18923</load_address>
         <run_address>0x18923</run_address>
         <size>0x1e7</size>
         <input_file_ref idref="fl-156"/>
      </object_component>
      <object_component id="oc-23f">
         <name>.debug_info</name>
         <load_address>0x18b0a</load_address>
         <run_address>0x18b0a</run_address>
         <size>0xec</size>
         <input_file_ref idref="fl-156"/>
      </object_component>
      <object_component id="oc-249">
         <name>.debug_info</name>
         <load_address>0x18bf6</load_address>
         <run_address>0x18bf6</run_address>
         <size>0xc6</size>
         <input_file_ref idref="fl-6"/>
      </object_component>
      <object_component id="oc-24e">
         <name>.debug_info</name>
         <load_address>0x18cbc</load_address>
         <run_address>0x18cbc</run_address>
         <size>0x1b8</size>
         <input_file_ref idref="fl-c"/>
      </object_component>
      <object_component id="oc-251">
         <name>.debug_info</name>
         <load_address>0x18e74</load_address>
         <run_address>0x18e74</run_address>
         <size>0xcd</size>
         <input_file_ref idref="fl-143"/>
      </object_component>
      <object_component id="oc-259">
         <name>.debug_info</name>
         <load_address>0x18f41</load_address>
         <run_address>0x18f41</run_address>
         <size>0x1bb</size>
         <input_file_ref idref="fl-151"/>
      </object_component>
      <object_component id="oc-25d">
         <name>.debug_info</name>
         <load_address>0x190fc</load_address>
         <run_address>0x190fc</run_address>
         <size>0x1aa</size>
         <input_file_ref idref="fl-150"/>
      </object_component>
      <object_component id="oc-264">
         <name>.debug_info</name>
         <load_address>0x192a6</load_address>
         <run_address>0x192a6</run_address>
         <size>0x1bf</size>
         <input_file_ref idref="fl-152"/>
      </object_component>
      <object_component id="oc-269">
         <name>.debug_info</name>
         <load_address>0x19465</load_address>
         <run_address>0x19465</run_address>
         <size>0xde</size>
         <input_file_ref idref="fl-14a"/>
      </object_component>
      <object_component id="oc-26c">
         <name>.debug_info</name>
         <load_address>0x19543</load_address>
         <run_address>0x19543</run_address>
         <size>0x46d</size>
         <input_file_ref idref="fl-14a"/>
      </object_component>
      <object_component id="oc-26e">
         <name>.debug_info</name>
         <load_address>0x199b0</load_address>
         <run_address>0x199b0</run_address>
         <size>0x2c</size>
         <input_file_ref idref="fl-14a"/>
      </object_component>
      <object_component id="oc-278">
         <name>.debug_info</name>
         <load_address>0x199dc</load_address>
         <run_address>0x199dc</run_address>
         <size>0xae</size>
         <input_file_ref idref="fl-144"/>
      </object_component>
      <object_component id="oc-27e">
         <name>.debug_info</name>
         <load_address>0x19a8a</load_address>
         <run_address>0x19a8a</run_address>
         <size>0x1f8</size>
         <input_file_ref idref="fl-177"/>
      </object_component>
      <object_component id="oc-284">
         <name>.debug_info</name>
         <load_address>0x19c82</load_address>
         <run_address>0x19c82</run_address>
         <size>0x1a6</size>
         <input_file_ref idref="fl-162"/>
      </object_component>
      <object_component id="oc-287">
         <name>.debug_info</name>
         <load_address>0x19e28</load_address>
         <run_address>0x19e28</run_address>
         <size>0x190</size>
         <input_file_ref idref="fl-16a"/>
      </object_component>
      <object_component id="oc-28f">
         <name>.debug_info</name>
         <load_address>0x19fb8</load_address>
         <run_address>0x19fb8</run_address>
         <size>0x1a8</size>
         <input_file_ref idref="fl-167"/>
      </object_component>
      <object_component id="oc-292">
         <name>.debug_info</name>
         <load_address>0x1a160</load_address>
         <run_address>0x1a160</run_address>
         <size>0x237</size>
         <input_file_ref idref="fl-163"/>
      </object_component>
      <object_component id="oc-294">
         <name>.debug_info</name>
         <load_address>0x1a397</load_address>
         <run_address>0x1a397</run_address>
         <size>0x152</size>
         <input_file_ref idref="fl-173"/>
      </object_component>
      <object_component id="oc-299">
         <name>.debug_info</name>
         <load_address>0x1a4e9</load_address>
         <run_address>0x1a4e9</run_address>
         <size>0x159</size>
         <input_file_ref idref="fl-172"/>
      </object_component>
      <object_component id="oc-2a0">
         <name>.debug_info</name>
         <load_address>0x1a642</load_address>
         <run_address>0x1a642</run_address>
         <size>0xf0</size>
         <input_file_ref idref="fl-15c"/>
      </object_component>
      <object_component id="oc-2a3">
         <name>.debug_info</name>
         <load_address>0x1a732</load_address>
         <run_address>0x1a732</run_address>
         <size>0x10e</size>
         <input_file_ref idref="fl-15e"/>
      </object_component>
      <object_component id="oc-2a8">
         <name>.debug_info</name>
         <load_address>0x1a840</load_address>
         <run_address>0x1a840</run_address>
         <size>0x10e</size>
         <input_file_ref idref="fl-15d"/>
      </object_component>
      <object_component id="oc-2af">
         <name>.debug_info</name>
         <load_address>0x1a94e</load_address>
         <run_address>0x1a94e</run_address>
         <size>0xf2</size>
         <input_file_ref idref="fl-15c"/>
      </object_component>
      <object_component id="oc-2b3">
         <name>.debug_info</name>
         <load_address>0x1aa40</load_address>
         <run_address>0x1aa40</run_address>
         <size>0xfc</size>
         <input_file_ref idref="fl-15f"/>
      </object_component>
      <object_component id="oc-2ba">
         <name>.debug_info</name>
         <load_address>0x1ab3c</load_address>
         <run_address>0x1ab3c</run_address>
         <size>0x1a2</size>
         <input_file_ref idref="fl-165"/>
      </object_component>
      <object_component id="oc-2bd">
         <name>.debug_info</name>
         <load_address>0x1acde</load_address>
         <run_address>0x1acde</run_address>
         <size>0xf1</size>
         <input_file_ref idref="fl-164"/>
      </object_component>
      <object_component id="oc-2c2">
         <name>.debug_info</name>
         <load_address>0x1adcf</load_address>
         <run_address>0x1adcf</run_address>
         <size>0x129</size>
         <input_file_ref idref="fl-15b"/>
      </object_component>
      <object_component id="oc-2c8">
         <name>.debug_info</name>
         <load_address>0x1aef8</load_address>
         <run_address>0x1aef8</run_address>
         <size>0x123</size>
         <input_file_ref idref="fl-174"/>
      </object_component>
      <object_component id="oc-2cf">
         <name>.debug_info</name>
         <load_address>0x1b01b</load_address>
         <run_address>0x1b01b</run_address>
         <size>0x173</size>
         <input_file_ref idref="fl-166"/>
      </object_component>
      <object_component id="oc-2d3">
         <name>.debug_info</name>
         <load_address>0x1b18e</load_address>
         <run_address>0x1b18e</run_address>
         <size>0x139</size>
         <input_file_ref idref="fl-159"/>
      </object_component>
      <object_component id="oc-2d9">
         <name>.debug_info</name>
         <load_address>0x1b2c7</load_address>
         <run_address>0x1b2c7</run_address>
         <size>0x27e</size>
         <input_file_ref idref="fl-157"/>
      </object_component>
      <object_component id="oc-2da">
         <name>.debug_info</name>
         <load_address>0x1b545</load_address>
         <run_address>0x1b545</run_address>
         <size>0x86</size>
         <input_file_ref idref="fl-157"/>
      </object_component>
      <object_component id="oc-2df">
         <name>.debug_info</name>
         <load_address>0x1b5cb</load_address>
         <run_address>0x1b5cb</run_address>
         <size>0x39</size>
         <input_file_ref idref="fl-157"/>
      </object_component>
      <object_component id="oc-2eb">
         <name>.debug_info</name>
         <load_address>0x1b604</load_address>
         <run_address>0x1b604</run_address>
         <size>0x1c8</size>
         <input_file_ref idref="fl-168"/>
[...]
      </symbol>
      <symbol id="sm-582">
         <name>setupPLL</name>
         <value>0x4b58</value>
         <object_component_ref idref="oc-57"/>
      </symbol>
      <symbol id="sm-583">
         <name>mapClocks</name>
         <value>0x4c84</value>
         <object_component_ref idref="oc-57"/>
      </symbol>
      <symbol id="sm-584">
         <name>systemPowerDown</name>
         <value>0x4e34</value>
         <object_component_ref idref="oc-57"/>
      </symbol>
      <symbol id="sm-59f">
         <name>__TI_auto_init</name>
         <value>0xb898</value>
         <object_component_ref idref="oc-69"/>
      </symbol>
      <symbol id="sm-5b6">
         <name>__TI_decompress_none</name>
         <value>0xc398</value>
         <object_component_ref idref="oc-11"/>
      </symbol>
      <symbol id="sm-5d8">
         <name>__TI_decompress_rle24</name>
         <value>0xc3c0</value>
         <object_component_ref idref="oc-1d"/>
      </symbol>
      <symbol id="sm-5f0">
         <name>__TI_zero_init</name>
         <value>0xc340</value>
         <object_component_ref idref="oc-17"/>
      </symbol>
      <symbol id="sm-609">
         <name>copy_in</name>
         <value>0xbe74</value>
         <object_component_ref idref="oc-da"/>
      </symbol>
      <symbol id="sm-627">
         <name>__aeabi_stdout</name>
         <value>0x8004620</value>
         <object_component_ref idref="oc-1d5"/>
      </symbol>
      <symbol id="sm-628">
         <name>__TI_tmpnams</name>
         <value>0x8003ba0</value>
         <object_component_ref idref="oc-213"/>
      </symbol>
      <symbol id="sm-629">
         <name>__aeabi_stderr</name>
         <value>0x8004624</value>
         <object_component_ref idref="oc-1d5"/>
      </symbol>
      <symbol id="sm-62a">
         <name>__aeabi_stdin</name>
         <value>0x800461c</value>
         <object_component_ref idref="oc-1d5"/>
      </symbol>
      <symbol id="sm-62b">
         <name>_ftable</name>
         <value>0x8004458</value>
         <object_component_ref idref="oc-111"/>
      </symbol>
      <symbol id="sm-62c">
         <name>__TI_ft_end</name>
         <value>0x8004618</value>
         <object_component_ref idref="oc-1d5"/>
      </symbol>
      <symbol id="sm-64c">
         <name>C$$EXIT</name>
         <value>0xbf74</value>
         <object_component_ref idref="oc-74"/>
      </symbol>
      <symbol id="sm-64d">
         <name>abort</name>
         <value>0xbf7c</value>
         <object_component_ref idref="oc-74"/>
      </symbol>
      <symbol id="sm-64e">
         <name>exit</name>
         <value>0xbf88</value>
         <object_component_ref idref="oc-74"/>
      </symbol>
      <symbol id="sm-64f">
         <name>__TI_dtors_ptr</name>
         <value>0x8004640</value>
         <object_component_ref idref="oc-120"/>
      </symbol>
      <symbol id="sm-650">
         <name>__TI_cleanup_ptr</name>
         <value>0x800463c</value>
         <object_component_ref idref="oc-120"/>
      </symbol>
      <symbol id="sm-666">
         <name>__TI_closefile</name>
         <value>0xb324</value>
         <object_component_ref idref="oc-f9"/>
      </symbol>
      <symbol id="sm-667">
         <name>fclose</name>
         <value>0xb3d0</value>
         <object_component_ref idref="oc-f9"/>
      </symbol>
      <symbol id="sm-681">
         <name>__TI_doflush</name>
         <value>0xac78</value>
         <object_component_ref idref="oc-ed"/>
      </symbol>
      <symbol id="sm-682">
         <name>fflush</name>
         <value>0xacfc</value>
         <object_component_ref idref="oc-ed"/>
      </symbol>
      <symbol id="sm-6b6">
         <name>__TI_cleanup</name>
         <value>0x901c</value>
         <object_component_ref idref="oc-e1"/>
      </symbol>
      <symbol id="sm-6b7">
         <name>freopen</name>
         <value>0x9068</value>
         <object_component_ref idref="oc-e1"/>
      </symbol>
      <symbol id="sm-6b8">
         <name>fopen</name>
         <value>0x90b4</value>
         <object_component_ref idref="oc-e1"/>
      </symbol>
      <symbol id="sm-6e4">
         <name>scanf</name>
         <value>0x8db0</value>
         <object_component_ref idref="oc-f3"/>
      </symbol>
      <symbol id="sm-6e5">
         <name>vscanf</name>
         <value>0x8ccc</value>
         <object_component_ref idref="oc-f3"/>
      </symbol>
      <symbol id="sm-6e6">
         <name>fscanf</name>
         <value>0x8e34</value>
         <object_component_ref idref="oc-f3"/>
      </symbol>
      <symbol id="sm-6e7">
         <name>vfscanf</name>
         <value>0x8d3c</value>
         <object_component_ref idref="oc-f3"/>
      </symbol>
      <symbol id="sm-738">
         <name>open</name>
         <value>0x730c</value>
         <object_component_ref idref="oc-1ca"/>
      </symbol>
      <symbol id="sm-739">
         <name>add_device</name>
         <value>0x74f8</value>
         <object_component_ref idref="oc-1ca"/>
      </symbol>
      <symbol id="sm-73a">
         <name>remove_device</name>
         <value>0x727c</value>
         <object_component_ref idref="oc-1ca"/>
      </symbol>
      <symbol id="sm-73b">
         <name>lseek</name>
         <value>0x7424</value>
         <object_component_ref idref="oc-1ca"/>
      </symbol>
      <symbol id="sm-73c">
         <name>read</name>
         <value>0x72c8</value>
         <object_component_ref idref="oc-1ca"/>
      </symbol>
      <symbol id="sm-73d">
         <name>rename</name>
         <value>0x7210</value>
         <object_component_ref idref="oc-1ca"/>
      </symbol>
      <symbol id="sm-73e">
         <name>write</name>
         <value>0x70d8</value>
         <object_component_ref idref="oc-1ca"/>
      </symbol>
      <symbol id="sm-73f">
         <name>close</name>
         <value>0x7468</value>
         <object_component_ref idref="oc-1ca"/>
      </symbol>
      <symbol id="sm-740">
         <name>unlink</name>
         <value>0x71d0</value>
         <object_component_ref idref="oc-1ca"/>
      </symbol>
      <symbol id="sm-759">
         <name>memcpy</name>
         <value>0xa720</value>
         <object_component_ref idref="oc-7b"/>
      </symbol>
      <symbol id="sm-75a">
         <name>__aeabi_memcpy</name>
         <value>0xa720</value>
         <object_component_ref idref="oc-7b"/>
      </symbol>
      <symbol id="sm-75b">
         <name>__aeabi_memcpy8</name>
         <value>0xa720</value>
         <object_component_ref idref="oc-7b"/>
      </symbol>
      <symbol id="sm-75c">
         <name>__aeabi_memcpy4</name>
         <value>0xa720</value>
         <object_component_ref idref="oc-7b"/>
      </symbol>
      <symbol id="sm-7c0">
         <name>_sys_memory</name>
         <value>0x8003c58</value>
         <object_component_ref idref="oc-4f"/>
      </symbol>
      <symbol id="sm-7c1">
         <name>free</name>
         <value>0x6c64</value>
         <object_component_ref idref="oc-20d"/>
      </symbol>
      <symbol id="sm-7c2">
         <name>realloc</name>
         <value>0x6db8</value>
         <object_component_ref idref="oc-20d"/>
      </symbol>
      <symbol id="sm-7c3">
         <name>memalign</name>
         <value>0x6f3c</value>
         <object_component_ref idref="oc-20d"/>
      </symbol>
      <symbol id="sm-7c4">
         <name>calloc</name>
         <value>0x7074</value>
         <object_component_ref idref="oc-20d"/>
      </symbol>
      <symbol id="sm-7c5">
         <name>malloc</name>
         <value>0x6bb0</value>
         <object_component_ref idref="oc-20d"/>
      </symbol>
      <symbol id="sm-7c6">
         <name>minit</name>
         <value>0x6ab8</value>
         <object_component_ref idref="oc-20d"/>
      </symbol>
      <symbol id="sm-7d5">
         <name>__aeabi_memset</name>
         <value>0xba38</value>
         <object_component_ref idref="oc-1d0"/>
      </symbol>
      <symbol id="sm-7d6">
         <name>memset</name>
         <value>0xba44</value>
         <object_component_ref idref="oc-1d0"/>
      </symbol>
      <symbol id="sm-7d7">
         <name>__aeabi_memset8</name>
         <value>0xba38</value>
         <object_component_ref idref="oc-1d0"/>
      </symbol>
      <symbol id="sm-7d8">
         <name>__aeabi_memset4</name>
         <value>0xba38</value>
         <object_component_ref idref="oc-1d0"/>
      </symbol>
      <symbol id="sm-7d9">
         <name>__aeabi_memclr8</name>
         <value>0xba34</value>
         <object_component_ref idref="oc-1d0"/>
      </symbol>
      <symbol id="sm-7da">
         <name>__aeabi_memclr4</name>
         <value>0xba34</value>
         <object_component_ref idref="oc-1d0"/>
      </symbol>
      <symbol id="sm-7db">
         <name>__aeabi_memclr</name>
         <value>0xba34</value>
         <object_component_ref idref="oc-1d0"/>
      </symbol>
      <symbol id="sm-7f4">
         <name>printf</name>
         <value>0xbb94</value>
         <object_component_ref idref="oc-e7"/>
      </symbol>
      <symbol id="sm-803">
         <name>strchr</name>
         <value>0xc2cc</value>
         <object_component_ref idref="oc-25c"/>
      </symbol>
      <symbol id="sm-811">
         <name>strcmp</name>
         <value>0xc2f4</value>
         <object_component_ref idref="oc-256"/>
      </symbol>
      <symbol id="sm-820">
         <name>strncpy</name>
         <value>0xc198</value>
         <object_component_ref idref="oc-262"/>
      </symbol>
      <symbol id="sm-841">
         <name>HOSTgetenv</name>
         <value>0x79b0</value>
         <object_component_ref idref="oc-35d"/>
      </symbol>
      <symbol id="sm-842">
         <name>HOSTrename</name>
         <value>0x7768</value>
         <object_component_ref idref="oc-35d"/>
      </symbol>
      <symbol id="sm-843">
         <name>HOSTclose</name>
         <value>0x7a18</value>
         <object_component_ref idref="oc-35d"/>
      </symbol>
      <symbol id="sm-844">
         <name>HOSTunlink</name>
         <value>0x76a4</value>
         <object_component_ref idref="oc-35d"/>
      </symbol>
      <symbol id="sm-845">
         <name>HOSTlseek</name>
         <value>0x7910</value>
         <object_component_ref idref="oc-35d"/>
      </symbol>
      <symbol id="sm-846">
         <name>HOSTopen</name>
         <value>0x7884</value>
         <object_component_ref idref="oc-35d"/>
      </symbol>
      <symbol id="sm-847">
         <name>HOSTclock</name>
         <value>0x7a80</value>
         <object_component_ref idref="oc-35d"/>
      </symbol>
      <symbol id="sm-848">
         <name>HOSTwrite</name>
         <value>0x7620</value>
         <object_component_ref idref="oc-35d"/>
      </symbol>
      <symbol id="sm-849">
         <name>HOSTread</name>
         <value>0x7800</value>
         <object_component_ref idref="oc-35d"/>
      </symbol>
      <symbol id="sm-84a">
         <name>HOSTtime</name>
         <value>0x7708</value>
         <object_component_ref idref="oc-35d"/>
      </symbol>
      <symbol id="sm-864">
         <name>__TI_readmsg</name>
         <value>0xbc80</value>
         <object_component_ref idref="oc-3dc"/>
      </symbol>
      <symbol id="sm-865">
         <name>C$$IO$$</name>
         <value>0xbc78</value>
         <object_component_ref idref="oc-3dc"/>
      </symbol>
      <symbol id="sm-866">
         <name>__CIOBUF_</name>
         <value>0x8003a80</value>
         <object_component_ref idref="oc-41a"/>
      </symbol>
      <symbol id="sm-867">
         <name>__TI_writemsg</name>
         <value>0xbc30</value>
         <object_component_ref idref="oc-3dc"/>
      </symbol>
      <symbol id="sm-87f">
         <name>ungetc</name>
         <value>0xb96c</value>
         <object_component_ref idref="oc-1f6"/>
      </symbol>
      <symbol id="sm-899">
         <name>_nop</name>
         <value>0xc334</value>
         <object_component_ref idref="oc-237"/>
      </symbol>
      <symbol id="sm-89a">
         <name>_lock</name>
         <value>0x8004634</value>
         <object_component_ref idref="oc-11d"/>
      </symbol>
      <symbol id="sm-89b">
         <name>_unlock</name>
         <value>0x8004638</value>
         <object_component_ref idref="oc-11d"/>
      </symbol>
      <symbol id="sm-89c">
         <name>_register_lock</name>
         <value>0xc328</value>
         <object_component_ref idref="oc-237"/>
      </symbol>
      <symbol id="sm-89d">
         <name>_register_unlock</name>
         <value>0xc31c</value>
         <object_component_ref idref="oc-237"/>
      </symbol>
      <symbol id="sm-977">
         <name>__TI_printfi</name>
         <value>0x3718</value>
         <object_component_ref idref="oc-1e7"/>
      </symbol>
      <symbol id="sm-a02">
         <name>__TI_scanfi</name>
         <value>0x4320</value>
         <object_component_ref idref="oc-202"/>
      </symbol>
      <symbol id="sm-a15">
         <name>atoi</name>
         <value>0xbd6c</value>
         <object_component_ref idref="oc-2d2"/>
      </symbol>
      <symbol id="sm-a20">
         <name>_ctypes_</name>
         <value>0xc550</value>
         <object_component_ref idref="oc-208"/>
      </symbol>
      <symbol id="sm-a37">
         <name>__aeabi_dsub</name>
         <value>0x9bf4</value>
         <object_component_ref idref="oc-2c1"/>
      </symbol>
      <symbol id="sm-a38">
         <name>__aeabi_dadd</name>
         <value>0x9c00</value>
         <object_component_ref idref="oc-2c1"/>
      </symbol>
      <symbol id="sm-a5a">
         <name>__aeabi_cdcmpeq</name>
         <value>0xb6d8</value>
         <object_component_ref idref="oc-29d"/>
      </symbol>
      <symbol id="sm-a5b">
         <name>__aeabi_cdcmple</name>
         <value>0xb6d8</value>
         <object_component_ref idref="oc-29d"/>
      </symbol>
      <symbol id="sm-a5c">
         <name>__aeabi_cdrcmple</name>
         <value>0xb7b8</value>
         <object_component_ref idref="oc-2ac"/>
      </symbol>
      <symbol id="sm-a70">
         <name>__aeabi_ddiv</name>
         <value>0xa590</value>
         <object_component_ref idref="oc-2a7"/>
      </symbol>
      <symbol id="sm-a7b">
         <name>__aeabi_dmul</name>
         <value>0xada4</value>
         <object_component_ref idref="oc-2a2"/>
      </symbol>
      <symbol id="sm-a85">
         <name>__aeabi_d2iz</name>
         <value>0xbfec</value>
         <object_component_ref idref="oc-2b1"/>
      </symbol>
      <symbol id="sm-a8f">
         <name>__aeabi_d2f</name>
         <value>0xc048</value>
         <object_component_ref idref="oc-30a"/>
      </symbol>
      <symbol id="sm-aa6">
         <name>getc</name>
         <value>0xb6c0</value>
         <object_component_ref idref="oc-1fc"/>
      </symbol>
      <symbol id="sm-aa7">
         <name>getchar</name>
         <value>0xb6c4</value>
         <object_component_ref idref="oc-1fc"/>
      </symbol>
      <symbol id="sm-aa8">
         <name>fgetc</name>
         <value>0xb5f4</value>
         <object_component_ref idref="oc-1fc"/>
      </symbol>
      <symbol id="sm-ac1">
         <name>putc</name>
         <value>0xb30c</value>
         <object_component_ref idref="oc-1db"/>
      </symbol>
      <symbol id="sm-ac2">
         <name>fputc</name>
         <value>0xb214</value>
         <object_component_ref idref="oc-1db"/>
      </symbol>
      <symbol id="sm-ac3">
         <name>putchar</name>
         <value>0xb310</value>
         <object_component_ref idref="oc-1db"/>
      </symbol>
      <symbol id="sm-ae3">
         <name>puts</name>
         <value>0xa398</value>
         <object_component_ref idref="oc-1e1"/>
      </symbol>
      <symbol id="sm-ae4">
         <name>fputs</name>
         <value>0xa1fc</value>
         <object_component_ref idref="oc-1e1"/>
      </symbol>
      <symbol id="sm-aee">
         <name>__aeabi_i2d</name>
         <value>0xc1e0</value>
         <object_component_ref idref="oc-2bc"/>
      </symbol>
      <symbol id="sm-afc">
         <name>ltoa</name>
         <value>0xbef4</value>
         <object_component_ref idref="oc-2b6"/>
      </symbol>
      <symbol id="sm-b0b">
         <name>memccpy</name>
         <value>0xc248</value>
         <object_component_ref idref="oc-2cc"/>
      </symbol>
      <symbol id="sm-b1a">
         <name>memchr</name>
         <value>0xc274</value>
         <object_component_ref idref="oc-28b"/>
      </symbol>
      <symbol id="sm-b34">
         <name>setvbuf</name>
         <value>0xa8a0</value>
         <object_component_ref idref="oc-2e8"/>
      </symbol>
      <symbol id="sm-b42">
         <name>strcpy</name>
         <value>0xc380</value>
         <object_component_ref idref="oc-327"/>
      </symbol>
      <symbol id="sm-b50">
         <name>strlen</name>
         <value>0xc360</value>
         <object_component_ref idref="oc-285"/>
      </symbol>
      <symbol id="sm-b5e">
         <name>strrchr</name>
         <value>0xc2a0</value>
         <object_component_ref idref="oc-321"/>
      </symbol>
      <symbol id="sm-b9d">
         <name>strtod</name>
         <value>0x820c</value>
         <object_component_ref idref="oc-304"/>
      </symbol>
      <symbol id="sm-bbf">
         <name>strtol</name>
         <value>0xa004</value>
         <object_component_ref idref="oc-315"/>
      </symbol>
      <symbol id="sm-bfe">
         <name>strtold</name>
         <value>0x8550</value>
         <object_component_ref idref="oc-30f"/>
      </symbol>
      <symbol id="sm-c24">
         <name>strtoll</name>
         <value>0x91b4</value>
         <object_component_ref idref="oc-31b"/>
      </symbol>
      <symbol id="sm-c43">
         <name>strtoul</name>
         <value>0xa3d0</value>
         <object_component_ref idref="oc-2f8"/>
      </symbol>
      <symbol id="sm-c66">
         <name>strtoull</name>
         <value>0x99b0</value>
         <object_component_ref idref="oc-2fe"/>
      </symbol>
      <symbol id="sm-c73">
         <name>__aeabi_uidivmod</name>
         <value>0xc0f8</value>
         <object_component_ref idref="oc-298"/>
      </symbol>
      <symbol id="sm-c8f">
         <name>__aeabi_uldivmod</name>
         <value>0x948c</value>
         <object_component_ref idref="oc-293"/>
      </symbol>
      <symbol id="sm-c99">
         <name>_Dclass</name>
         <value>0xc3ac</value>
         <object_component_ref idref="oc-2c6"/>
      </symbol>
      <symbol id="sm-cab">
         <name>_Dtest</name>
         <value>0xbdf0</value>
         <object_component_ref idref="oc-391"/>
      </symbol>
      <symbol id="sm-cc3">
         <name>__TI_buff_read</name>
         <value>0xb420</value>
         <object_component_ref idref="oc-2f0"/>
      </symbol>
      <symbol id="sm-cda">
         <name>__TI_wrt_ok</name>
         <value>0xafe8</value>
         <object_component_ref idref="oc-27d"/>
      </symbol>
      <symbol id="sm-cdb">
         <name>__TI_rd_ok</name>
         <value>0xb088</value>
         <object_component_ref idref="oc-27d"/>
      </symbol>
      <symbol id="sm-ce3">
         <name>_Errno</name>
         <value>0x8004644</value>
         <object_component_ref idref="oc-3b0"/>
      </symbol>
      <symbol id="sm-cf5">
         <name>fseek</name>
         <value>0xbae4</value>
         <object_component_ref idref="oc-371"/>
      </symbol>
      <symbol id="sm-d02">
         <name>__aeabi_idivmod</name>
         <value>0xc0a0</value>
         <object_component_ref idref="oc-388"/>
      </symbol>
      <symbol id="sm-d03">
         <name>__TI_static_base__</name>
         <value>0x0</value>
      </symbol>
      <symbol id="sm-d04">
         <name>SHT$$INIT_ARRAY$$Limit</name>
         <value>0x0</value>
      </symbol>
      <symbol id="sm-d05">
         <name>SHT$$INIT_ARRAY$$Base</name>
         <value>0x0</value>
      </symbol>
      <symbol id="sm-d09">
         <name>remove</name>
         <value>0x71d0</value>
      </symbol>
   </symbol_table>
   <title>Link successful</title>
</link_info>
